// Jest Snapshot v1, https://goo.gl/fbAQLP

exports[`Basic Home Page rendering 1`] = `
<div
  style={
    {
      "marginLeft": "4rem",
    }
  }
>
  <form
    className="usa-form"
    data-testid="form"
    onSubmit={[Function]}
  >
    <label
      className="usa-label"
      data-testid="label"
      htmlFor="emailInput"
    >
      Email:
    </label>
    <input
      className="usa-input"
      data-testid="textInput"
      id="emailInput"
      name="emailInput"
      type="text"
    />
    <label
      className="usa-label"
      data-testid="label"
      htmlFor="passwordInput"
    >
      Password:
    </label>
    <input
      className="usa-input"
      data-testid="textInput"
      id="passwordInput"
      name="passwordInput"
      type="text"
    />
    <button
      className="usa-button"
      data-testid="button"
      type="submit"
    >
      Log In
    </button>
    <button
      className="usa-button"
      data-testid="button"
      onClick={[Function]}
      type="button"
    >
      Sign up
    </button>
  </form>
</div>
`;
